Copyright 1986-2018 Xilinx, Inc. All Rights Reserved.
------------------------------------------------------------------------------------
| Tool Version : Vivado v.2018.3 (win64) Build 2405991 Thu Dec  6 23:38:27 MST 2018
| Date         : Sun Jul 26 01:18:52 2026
| Host         : REEDZHAO running 64-bit major release  (build 9200)
| Command      : report_timing -file synth_timing.rpt
| Design       : cal_top
| Device       : 7z020-clg400
| Speed File   : -1  PRODUCTION 1.11 2014-09-11
------------------------------------------------------------------------------------

Timing Report

Slack:                    inf
  Source:                 u_cal_fsm/tgt_idx_reg[2]/C
                            (rising edge-triggered cell FDCE)
  Destination:            u_cal_fsm/tol_high_reg[12]/D
  Path Group:             (none)
  Path Type:              Max at Slow Process Corner
  Data Path Delay:        23.986ns  (logic 12.951ns (53.993%)  route 11.035ns (46.007%))
  Logic Levels:           25  (CARRY4=13 DSP48E1=1 FDCE=1 LUT1=1 LUT3=3 LUT4=1 LUT5=1 LUT6=4)

    Location             Delay type                Incr(ns)  Path(ns)    Netlist Resource(s)
  -------------------------------------------------------------------    -------------------
                         FDCE                         0.000     0.000 r  u_cal_fsm/tgt_idx_reg[2]/C
                         FDCE (Prop_fdce_C_Q)         0.478     0.478 r  u_cal_fsm/tgt_idx_reg[2]/Q
                         net (fo=60, unplaced)        0.828     1.306    u_cal_fsm/fsm_target_idx[2]
                         LUT3 (Prop_lut3_I0_O)        0.295     1.601 r  u_cal_fsm/tol_high4_i_1/O
                         net (fo=2, unplaced)         0.800     2.401    u_cal_fsm/TARGET_NOMINAL_Q0[11]
                         DSP48E1 (Prop_dsp48e1_A[11]_P[0])
                                                      3.841     6.242 f  u_cal_fsm/tol_high4/P[0]
                         net (fo=24, unplaced)        0.800     7.041    u_cal_fsm/tol_high4_n_106
                         LUT1 (Prop_lut1_I0_O)        0.124     7.165 r  u_cal_fsm/tol_high[11]_i_219/O
                         net (fo=2, unplaced)         0.344     7.509    u_cal_fsm/tol_high[11]_i_219_n_1
                         CARRY4 (Prop_carry4_CYINIT_O[3])
                                                      0.678     8.187 r  u_cal_fsm/tol_high_reg[11]_i_182/O[3]
                         net (fo=15, unplaced)        0.671     8.858    u_cal_fsm/tol_high41_in[4]
                         LUT3 (Prop_lut3_I0_O)        0.307     9.165 r  u_cal_fsm/tol_high[11]_i_132/O
                         net (fo=9, unplaced)         0.943    10.108    u_cal_fsm/tol_high[11]_i_132_n_1
                         LUT6 (Prop_lut6_I0_O)        0.124    10.232 r  u_cal_fsm/tol_high[11]_i_168/O
                         net (fo=2, unplaced)         0.676    10.908    u_cal_fsm/tol_high[11]_i_168_n_1
                         LUT6 (Prop_lut6_I0_O)        0.124    11.032 r  u_cal_fsm/tol_high[11]_i_172/O
                         net (fo=1, unplaced)         0.000    11.032    u_cal_fsm/tol_high[11]_i_172_n_1
                         CARRY4 (Prop_carry4_S[1]_CO[3])
                                                      0.533    11.565 r  u_cal_fsm/tol_high_reg[11]_i_95/CO[3]
                         net (fo=1, unplaced)         0.000    11.565    u_cal_fsm/tol_high_reg[11]_i_95_n_1
                         CARRY4 (Prop_carry4_CI_CO[3])
                                                      0.117    11.682 r  u_cal_fsm/tol_high_reg[11]_i_47/CO[3]
                         net (fo=1, unplaced)         0.000    11.682    u_cal_fsm/tol_high_reg[11]_i_47_n_1
                         CARRY4 (Prop_carry4_CI_CO[3])
                                                      0.117    11.799 r  u_cal_fsm/tol_high_reg[11]_i_29/CO[3]
                         net (fo=1, unplaced)         0.000    11.799    u_cal_fsm/tol_high_reg[11]_i_29_n_1
                         CARRY4 (Prop_carry4_CI_CO[3])
                                                      0.117    11.916 r  u_cal_fsm/tol_high_reg[15]_i_24/CO[3]
                         net (fo=1, unplaced)         0.000    11.916    u_cal_fsm/tol_high_reg[15]_i_24_n_1
                         CARRY4 (Prop_carry4_CI_CO[2])
                                                      0.252    12.168 r  u_cal_fsm/tol_high_reg[15]_i_21/CO[2]
                         net (fo=14, unplaced)        0.387    12.555    u_cal_fsm/tol_high4_0[0]
                         CARRY4 (Prop_carry4_CYINIT_CO[2])
                                                      0.818    13.373 r  u_cal_fsm/tol_high_reg[8]_i_128/CO[2]
                         net (fo=5, unplaced)         0.364    13.737    u_cal_fsm/tol_high_reg[8]_i_128_n_2
                         CARRY4 (Prop_carry4_CYINIT_CO[3])
                                                      0.781    14.518 r  u_cal_fsm/tol_high_reg[8]_i_93/CO[3]
                         net (fo=17, unplaced)        0.974    15.492    u_cal_fsm/tol_high_reg[8]_i_93_n_1
                         LUT6 (Prop_lut6_I3_O)        0.124    15.616 r  u_cal_fsm/tol_high[8]_i_86/O
                         net (fo=2, unplaced)         0.650    16.266    u_cal_fsm/tol_high[8]_i_86_n_1
                         CARRY4 (Prop_carry4_DI[1]_O[2])
                                                      0.566    16.832 r  u_cal_fsm/tol_high_reg[8]_i_51/O[2]
                         net (fo=6, unplaced)         0.937    17.769    u_cal_fsm/tol_high_reg[8]_i_51_n_6
                         LUT3 (Prop_lut3_I0_O)        0.325    18.094 r  u_cal_fsm/tol_high[8]_i_20/O
                         net (fo=2, unplaced)         0.395    18.489    u_cal_fsm/tol_high[8]_i_20_n_1
                         CARRY4 (Prop_carry4_DI[1]_CO[3])
                                                      0.724    19.213 r  u_cal_fsm/tol_high_reg[8]_i_5/CO[3]
                         net (fo=1, unplaced)         0.000    19.213    u_cal_fsm/tol_high_reg[8]_i_5_n_1
                         CARRY4 (Prop_carry4_CI_O[1])
                                                      0.337    19.550 r  u_cal_fsm/tol_high_reg[8]_i_2/O[1]
                         net (fo=3, unplaced)         0.629    20.179    u_cal_fsm/tol_high_reg[8]_i_2_n_7
                         LUT4 (Prop_lut4_I0_O)        0.306    20.485 r  u_cal_fsm/tol_high[8]_i_15/O
                         net (fo=1, unplaced)         0.000    20.485    u_cal_fsm/tol_high[8]_i_15_n_1
                         CARRY4 (Prop_carry4_S[1]_CO[1])
                                                      0.492    20.977 r  u_cal_fsm/tol_high_reg[8]_i_4/CO[1]
                         net (fo=10, unplaced)        0.355    21.332    u_cal_fsm/tol_high_reg[8]_i_4_n_3
                         LUT6 (Prop_lut6_I4_O)        0.332    21.664 r  u_cal_fsm/tol_high[12]_i_7/O
                         net (fo=1, unplaced)         0.665    22.329    u_cal_fsm/tol_high[12]_i_7_n_1
                         CARRY4 (Prop_carry4_S[0]_O[3])
                                                      0.732    23.061 r  u_cal_fsm/tol_high_reg[12]_i_2/O[3]
                         net (fo=1, unplaced)         0.618    23.679    u_cal_fsm/tol_high2[4]
                         LUT5 (Prop_lut5_I0_O)        0.307    23.986 r  u_cal_fsm/tol_high[12]_i_1/O
                         net (fo=1, unplaced)         0.000    23.986    u_cal_fsm/tol_high[12]_i_1_n_1
                         FDRE                                         r  u_cal_fsm/tol_high_reg[12]/D
  -------------------------------------------------------------------    -------------------




