Copyright 1986-2018 Xilinx, Inc. All Rights Reserved.
----------------------------------------------------------------------------------------------------------------------------------------------------------------
| Tool Version : Vivado v.2018.3 (win64) Build 2405991 Thu Dec  6 23:38:27 MST 2018
| Date         : Sun Jul 26 06:54:27 2026
| Host         : REEDZHAO running 64-bit major release  (build 9200)
| Command      : report_timing -delay_type min -max_paths 10 -file C:/Users/Administrator/Desktop/SAR_ADC_IDEAL_CAL_REPLACEMENT_V6_CLEAN/scripts/synth_hold.rpt
| Design       : cal_top
| Device       : 7z020-clg400
| Speed File   : -1  PRODUCTION 1.11 2014-09-11
----------------------------------------------------------------------------------------------------------------------------------------------------------------

Timing Report

Slack (VIOLATED) :        -0.147ns  (arrival time - required time)
  Source:                 start
                            (input port clocked by clk  {rise@0.000ns fall@5.000ns period=10.000ns})
  Destination:            u_cal_fsm/tgt_idx_reg[0]/D
                            (rising edge-triggered cell FDCE clocked by clk  {rise@0.000ns fall@5.000ns period=10.000ns})
  Path Group:             clk
  Path Type:              Hold (Min at Slow Process Corner)
  Requirement:            0.000ns  (clk rise@0.000ns - clk rise@0.000ns)
  Data Path Delay:        2.234ns  (logic 1.031ns (46.144%)  route 1.203ns (53.856%))
  Logic Levels:           3  (IBUF=1 LUT3=1 LUT6=1)
  Input Delay:            0.500ns
  Clock Path Skew:        2.456ns (DCD - SCD - CPR)
    Destination Clock Delay (DCD):    2.456ns
    Source Clock Delay      (SCD):    0.000ns
    Clock Pessimism Removal (CPR):    -0.000ns
  Clock Uncertainty:      0.135ns  ((TSJ^2 + TIJ^2)^1/2 + DJ) / 2 + PE + UU
    Total System Jitter     (TSJ):    0.071ns
    Total Input Jitter      (TIJ):    0.000ns
    Discrete Jitter          (DJ):    0.000ns
    Phase Error              (PE):    0.000ns
    User Uncertainty         (UU):    0.100ns

    Location             Delay type                Incr(ns)  Path(ns)    Netlist Resource(s)
  -------------------------------------------------------------------    -------------------
                         (clock clk rise edge)        0.000     0.000 r
                         input delay                  0.500     0.500
                                                      0.000     0.500 r  start (IN)
                         net (fo=0)                   0.000     0.500    start
                         IBUF (Prop_ibuf_I_O)         0.838     1.338 r  start_IBUF_inst/O
                         net (fo=4, unplaced)         0.760     2.098    u_cal_fsm/start_IBUF
                         LUT6 (Prop_lut6_I2_O)        0.100     2.198 r  u_cal_fsm/tgt_idx[2]_i_2/O
                         net (fo=3, unplaced)         0.444     2.641    u_cal_fsm/tgt_idx[2]_i_2_n_0
                         LUT3 (Prop_lut3_I1_O)        0.093     2.734 r  u_cal_fsm/tgt_idx[0]_i_1/O
                         net (fo=1, unplaced)         0.000     2.734    u_cal_fsm/tgt_idx[0]_i_1_n_0
                         FDCE                                         r  u_cal_fsm/tgt_idx_reg[0]/D
  -------------------------------------------------------------------    -------------------

                         (clock clk rise edge)        0.000     0.000 r
                                                      0.000     0.000 r  clk (IN)
                         net (fo=0)                   0.000     0.000    clk
                         IBUF (Prop_ibuf_I_O)         0.972     0.972 r  clk_IBUF_inst/O
                         net (fo=1, unplaced)         0.800     1.771    clk_IBUF
                         BUFG (Prop_bufg_I_O)         0.101     1.872 r  clk_IBUF_BUFG_inst/O
                         net (fo=595, unplaced)       0.584     2.456    u_cal_fsm/CLK
                         FDCE                                         r  u_cal_fsm/tgt_idx_reg[0]/C
                         clock pessimism              0.000     2.456
                         clock uncertainty            0.135     2.592
                         FDCE (Hold_fdce_C_D)         0.290     2.882    u_cal_fsm/tgt_idx_reg[0]
  -------------------------------------------------------------------
                         required time                         -2.882
                         arrival time                           2.734
  -------------------------------------------------------------------
                         slack                                 -0.147

Slack (VIOLATED) :        -0.147ns  (arrival time - required time)
  Source:                 start
                            (input port clocked by clk  {rise@0.000ns fall@5.000ns period=10.000ns})
  Destination:            u_cal_fsm/tgt_idx_reg[2]/D
                            (rising edge-triggered cell FDCE clocked by clk  {rise@0.000ns fall@5.000ns period=10.000ns})
  Path Group:             clk
  Path Type:              Hold (Min at Slow Process Corner)
  Requirement:            0.000ns  (clk rise@0.000ns - clk rise@0.000ns)
  Data Path Delay:        2.234ns  (logic 1.031ns (46.144%)  route 1.203ns (53.856%))
  Logic Levels:           3  (IBUF=1 LUT5=1 LUT6=1)
  Input Delay:            0.500ns
  Clock Path Skew:        2.456ns (DCD - SCD - CPR)
    Destination Clock Delay (DCD):    2.456ns
    Source Clock Delay      (SCD):    0.000ns
    Clock Pessimism Removal (CPR):    -0.000ns
  Clock Uncertainty:      0.135ns  ((TSJ^2 + TIJ^2)^1/2 + DJ) / 2 + PE + UU
    Total System Jitter     (TSJ):    0.071ns
    Total Input Jitter      (TIJ):    0.000ns
    Discrete Jitter          (DJ):    0.000ns
    Phase Error              (PE):    0.000ns
    User Uncertainty         (UU):    0.100ns

    Location             Delay type                Incr(ns)  Path(ns)    Netlist Resource(s)
  -------------------------------------------------------------------    -------------------
                         (clock clk rise edge)        0.000     0.000 r
                         input delay                  0.500     0.500
                                                      0.000     0.500 r  start (IN)
                         net (fo=0)                   0.000     0.500    start
                         IBUF (Prop_ibuf_I_O)         0.838     1.338 r  start_IBUF_inst/O
                         net (fo=4, unplaced)         0.760     2.098    u_cal_fsm/start_IBUF
                         LUT6 (Prop_lut6_I2_O)        0.100     2.198 r  u_cal_fsm/tgt_idx[2]_i_2/O
                         net (fo=3, unplaced)         0.444     2.641    u_cal_fsm/tgt_idx[2]_i_2_n_0
                         LUT5 (Prop_lut5_I3_O)        0.093     2.734 r  u_cal_fsm/tgt_idx[2]_i_1/O
                         net (fo=1, unplaced)         0.000     2.734    u_cal_fsm/tgt_idx[2]_i_1_n_0
                         FDCE                                         r  u_cal_fsm/tgt_idx_reg[2]/D
  -------------------------------------------------------------------    -------------------

                         (clock clk rise edge)        0.000     0.000 r
                                                      0.000     0.000 r  clk (IN)
                         net (fo=0)                   0.000     0.000    clk
                         IBUF (Prop_ibuf_I_O)         0.972     0.972 r  clk_IBUF_inst/O
                         net (fo=1, unplaced)         0.800     1.771    clk_IBUF
                         BUFG (Prop_bufg_I_O)         0.101     1.872 r  clk_IBUF_BUFG_inst/O
                         net (fo=595, unplaced)       0.584     2.456    u_cal_fsm/CLK
                         FDCE                                         r  u_cal_fsm/tgt_idx_reg[2]/C
                         clock pessimism              0.000     2.456
                         clock uncertainty            0.135     2.592
                         FDCE (Hold_fdce_C_D)         0.290     2.882    u_cal_fsm/tgt_idx_reg[2]
  -------------------------------------------------------------------
                         required time                         -2.882
                         arrival time                           2.734
  -------------------------------------------------------------------
                         slack                                 -0.147

Slack (VIOLATED) :        -0.140ns  (arrival time - required time)
  Source:                 start
                            (input port clocked by clk  {rise@0.000ns fall@5.000ns period=10.000ns})
  Destination:            u_cal_fsm/tgt_idx_reg[1]/D
                            (rising edge-triggered cell FDCE clocked by clk  {rise@0.000ns fall@5.000ns period=10.000ns})
  Path Group:             clk
  Path Type:              Hold (Min at Slow Process Corner)
  Requirement:            0.000ns  (clk rise@0.000ns - clk rise@0.000ns)
  Data Path Delay:        2.241ns  (logic 1.038ns (46.312%)  route 1.203ns (53.688%))
  Logic Levels:           3  (IBUF=1 LUT4=1 LUT6=1)
  Input Delay:            0.500ns
  Clock Path Skew:        2.456ns (DCD - SCD - CPR)
    Destination Clock Delay (DCD):    2.456ns
    Source Clock Delay      (SCD):    0.000ns
    Clock Pessimism Removal (CPR):    -0.000ns
  Clock Uncertainty:      0.135ns  ((TSJ^2 + TIJ^2)^1/2 + DJ) / 2 + PE + UU
    Total System Jitter     (TSJ):    0.071ns
    Total Input Jitter      (TIJ):    0.000ns
    Discrete Jitter          (DJ):    0.000ns
    Phase Error              (PE):    0.000ns
    User Uncertainty         (UU):    0.100ns

    Location             Delay type                Incr(ns)  Path(ns)    Netlist Resource(s)
  -------------------------------------------------------------------    -------------------
                         (clock clk rise edge)        0.000     0.000 r
                         input delay                  0.500     0.500
                                                      0.000     0.500 r  start (IN)
                         net (fo=0)                   0.000     0.500    start
                         IBUF (Prop_ibuf_I_O)         0.838     1.338 r  start_IBUF_inst/O
                         net (fo=4, unplaced)         0.760     2.098    u_cal_fsm/start_IBUF
                         LUT6 (Prop_lut6_I2_O)        0.100     2.198 r  u_cal_fsm/tgt_idx[2]_i_2/O
                         net (fo=3, unplaced)         0.444     2.641    u_cal_fsm/tgt_idx[2]_i_2_n_0
                         LUT4 (Prop_lut4_I2_O)        0.100     2.741 r  u_cal_fsm/tgt_idx[1]_i_1/O
                         net (fo=1, unplaced)         0.000     2.741    u_cal_fsm/tgt_idx[1]_i_1_n_0
                         FDCE                                         r  u_cal_fsm/tgt_idx_reg[1]/D
  -------------------------------------------------------------------    -------------------

                         (clock clk rise edge)        0.000     0.000 r
                                                      0.000     0.000 r  clk (IN)
                         net (fo=0)                   0.000     0.000    clk
                         IBUF (Prop_ibuf_I_O)         0.972     0.972 r  clk_IBUF_inst/O
                         net (fo=1, unplaced)         0.800     1.771    clk_IBUF
                         BUFG (Prop_bufg_I_O)         0.101     1.872 r  clk_IBUF_BUFG_inst/O
                         net (fo=595, unplaced)       0.584     2.456    u_cal_fsm/CLK
                         FDCE                                         r  u_cal_fsm/tgt_idx_reg[1]/C
                         clock pessimism              0.000     2.456
                         clock uncertainty            0.135     2.592
                         FDCE (Hold_fdce_C_D)         0.290     2.882    u_cal_fsm/tgt_idx_reg[1]
  -------------------------------------------------------------------
                         required time                         -2.882
                         arrival time                           2.741
  -------------------------------------------------------------------
                         slack                                 -0.140

Slack (VIOLATED) :        -0.001ns  (arrival time - required time)
  Source:                 cmp_out
                            (input port clocked by clk  {rise@0.000ns fall@5.000ns period=10.000ns})
  Destination:            u_sar_subconv/accum_sum_reg[21]/D
                            (rising edge-triggered cell FDCE clocked by clk  {rise@0.000ns fall@5.000ns period=10.000ns})
  Path Group:             clk
  Path Type:              Hold (Min at Slow Process Corner)
  Requirement:            0.000ns  (clk rise@0.000ns - clk rise@0.000ns)
  Data Path Delay:        2.381ns  (logic 1.325ns (55.647%)  route 1.056ns (44.353%))
  Logic Levels:           3  (CARRY4=1 IBUF=1 LUT2=1)
  Input Delay:            0.500ns
  Clock Path Skew:        2.456ns (DCD - SCD - CPR)
    Destination Clock Delay (DCD):    2.456ns
    Source Clock Delay      (SCD):    0.000ns
    Clock Pessimism Removal (CPR):    -0.000ns
  Clock Uncertainty:      0.135ns  ((TSJ^2 + TIJ^2)^1/2 + DJ) / 2 + PE + UU
    Total System Jitter     (TSJ):    0.071ns
    Total Input Jitter      (TIJ):    0.000ns
    Discrete Jitter          (DJ):    0.000ns
    Phase Error              (PE):    0.000ns
    User Uncertainty         (UU):    0.100ns

    Location             Delay type                Incr(ns)  Path(ns)    Netlist Resource(s)
  -------------------------------------------------------------------    -------------------
                         (clock clk rise edge)        0.000     0.000 r
                         input delay                  0.500     0.500
                                                      0.000     0.500 r  cmp_out (IN)
                         net (fo=0)                   0.000     0.500    cmp_out
                         IBUF (Prop_ibuf_I_O)         0.838     1.338 r  cmp_out_IBUF_inst/O
                         net (fo=53, unplaced)        0.760     2.098    u_sar_subconv/cmp_out_IBUF
                         CARRY4 (Prop_carry4_DI[0]_O[1])
                                                      0.247     2.345 r  u_sar_subconv/accum_sum0_carry__4/O[1]
                         net (fo=1, unplaced)         0.296     2.641    u_sar_subconv/accum_sum[21]
                         LUT2 (Prop_lut2_I1_O)        0.240     2.881 r  u_sar_subconv/accum_sum[21]_i_1/O
                         net (fo=1, unplaced)         0.000     2.881    u_sar_subconv/p_1_in[21]
                         FDCE                                         r  u_sar_subconv/accum_sum_reg[21]/D
  -------------------------------------------------------------------    -------------------

                         (clock clk rise edge)        0.000     0.000 r
                                                      0.000     0.000 r  clk (IN)
                         net (fo=0)                   0.000     0.000    clk
                         IBUF (Prop_ibuf_I_O)         0.972     0.972 r  clk_IBUF_inst/O
                         net (fo=1, unplaced)         0.800     1.771    clk_IBUF
                         BUFG (Prop_bufg_I_O)         0.101     1.872 r  clk_IBUF_BUFG_inst/O
                         net (fo=595, unplaced)       0.584     2.456    u_sar_subconv/CLK
                         FDCE                                         r  u_sar_subconv/accum_sum_reg[21]/C
                         clock pessimism              0.000     2.456
                         clock uncertainty            0.135     2.592
                         FDCE (Hold_fdce_C_D)         0.290     2.882    u_sar_subconv/accum_sum_reg[21]
  -------------------------------------------------------------------
                         required time                         -2.882
                         arrival time                           2.881
  -------------------------------------------------------------------
                         slack                                 -0.001

Slack (MET) :             0.028ns  (arrival time - required time)
  Source:                 cmp_out
                            (input port clocked by clk  {rise@0.000ns fall@5.000ns period=10.000ns})
  Destination:            u_sar_subconv/accum_sum_reg[17]/D
                            (rising edge-triggered cell FDCE clocked by clk  {rise@0.000ns fall@5.000ns period=10.000ns})
  Path Group:             clk
  Path Type:              Hold (Min at Slow Process Corner)
  Requirement:            0.000ns  (clk rise@0.000ns - clk rise@0.000ns)
  Data Path Delay:        2.410ns  (logic 1.354ns (56.181%)  route 1.056ns (43.819%))
  Logic Levels:           4  (CARRY4=1 IBUF=1 LUT2=1 LUT5=1)
  Input Delay:            0.500ns
  Clock Path Skew:        2.456ns (DCD - SCD - CPR)
    Destination Clock Delay (DCD):    2.456ns
    Source Clock Delay      (SCD):    0.000ns
    Clock Pessimism Removal (CPR):    -0.000ns
  Clock Uncertainty:      0.135ns  ((TSJ^2 + TIJ^2)^1/2 + DJ) / 2 + PE + UU
    Total System Jitter     (TSJ):    0.071ns
    Total Input Jitter      (TIJ):    0.000ns
    Discrete Jitter          (DJ):    0.000ns
    Phase Error              (PE):    0.000ns
    User Uncertainty         (UU):    0.100ns

    Location             Delay type                Incr(ns)  Path(ns)    Netlist Resource(s)
  -------------------------------------------------------------------    -------------------
                         (clock clk rise edge)        0.000     0.000 r
                         input delay                  0.500     0.500
                                                      0.000     0.500 r  cmp_out (IN)
                         net (fo=0)                   0.000     0.500    cmp_out
                         IBUF (Prop_ibuf_I_O)         0.838     1.338 r  cmp_out_IBUF_inst/O
                         net (fo=53, unplaced)        0.760     2.098    u_sar_subconv/cmp_out_IBUF
                         LUT5 (Prop_lut5_I3_O)        0.100     2.198 r  u_sar_subconv/accum_sum0_carry__3_i_3/O
                         net (fo=1, unplaced)         0.000     2.198    u_sar_subconv/accum_sum0_carry__3_i_3_n_0
                         CARRY4 (Prop_carry4_S[1]_O[1])
                                                      0.176     2.374 r  u_sar_subconv/accum_sum0_carry__3/O[1]
                         net (fo=1, unplaced)         0.296     2.670    u_sar_subconv/accum_sum[17]
                         LUT2 (Prop_lut2_I1_O)        0.240     2.910 r  u_sar_subconv/accum_sum[17]_i_1/O
                         net (fo=1, unplaced)         0.000     2.910    u_sar_subconv/p_1_in[17]
                         FDCE                                         r  u_sar_subconv/accum_sum_reg[17]/D
  -------------------------------------------------------------------    -------------------

                         (clock clk rise edge)        0.000     0.000 r
                                                      0.000     0.000 r  clk (IN)
                         net (fo=0)                   0.000     0.000    clk
                         IBUF (Prop_ibuf_I_O)         0.972     0.972 r  clk_IBUF_inst/O
                         net (fo=1, unplaced)         0.800     1.771    clk_IBUF
                         BUFG (Prop_bufg_I_O)         0.101     1.872 r  clk_IBUF_BUFG_inst/O
                         net (fo=595, unplaced)       0.584     2.456    u_sar_subconv/CLK
                         FDCE                                         r  u_sar_subconv/accum_sum_reg[17]/C
                         clock pessimism              0.000     2.456
                         clock uncertainty            0.135     2.592
                         FDCE (Hold_fdce_C_D)         0.290     2.882    u_sar_subconv/accum_sum_reg[17]
  -------------------------------------------------------------------
                         required time                         -2.882
                         arrival time                           2.910
  -------------------------------------------------------------------
                         slack                                  0.028

Slack (MET) :             0.028ns  (arrival time - required time)
  Source:                 cmp_out
                            (input port clocked by clk  {rise@0.000ns fall@5.000ns period=10.000ns})
  Destination:            u_sar_subconv/accum_sum_reg[5]/D
                            (rising edge-triggered cell FDCE clocked by clk  {rise@0.000ns fall@5.000ns period=10.000ns})
  Path Group:             clk
  Path Type:              Hold (Min at Slow Process Corner)
  Requirement:            0.000ns  (clk rise@0.000ns - clk rise@0.000ns)
  Data Path Delay:        2.410ns  (logic 1.354ns (56.181%)  route 1.056ns (43.819%))
  Logic Levels:           4  (CARRY4=1 IBUF=1 LUT2=1 LUT5=1)
  Input Delay:            0.500ns
  Clock Path Skew:        2.456ns (DCD - SCD - CPR)
    Destination Clock Delay (DCD):    2.456ns
    Source Clock Delay      (SCD):    0.000ns
    Clock Pessimism Removal (CPR):    -0.000ns
  Clock Uncertainty:      0.135ns  ((TSJ^2 + TIJ^2)^1/2 + DJ) / 2 + PE + UU
    Total System Jitter     (TSJ):    0.071ns
    Total Input Jitter      (TIJ):    0.000ns
    Discrete Jitter          (DJ):    0.000ns
    Phase Error              (PE):    0.000ns
    User Uncertainty         (UU):    0.100ns

    Location             Delay type                Incr(ns)  Path(ns)    Netlist Resource(s)
  -------------------------------------------------------------------    -------------------
                         (clock clk rise edge)        0.000     0.000 r
                         input delay                  0.500     0.500
                                                      0.000     0.500 r  cmp_out (IN)
                         net (fo=0)                   0.000     0.500    cmp_out
                         IBUF (Prop_ibuf_I_O)         0.838     1.338 r  cmp_out_IBUF_inst/O
                         net (fo=53, unplaced)        0.760     2.098    u_sar_subconv/cmp_out_IBUF
                         LUT5 (Prop_lut5_I3_O)        0.100     2.198 r  u_sar_subconv/accum_sum0_carry__0_i_3/O
                         net (fo=1, unplaced)         0.000     2.198    u_sar_subconv/accum_sum0_carry__0_i_3_n_0
                         CARRY4 (Prop_carry4_S[1]_O[1])
                                                      0.176     2.374 r  u_sar_subconv/accum_sum0_carry__0/O[1]
                         net (fo=1, unplaced)         0.296     2.670    u_sar_subconv/accum_sum[5]
                         LUT2 (Prop_lut2_I1_O)        0.240     2.910 r  u_sar_subconv/accum_sum[5]_i_1/O
                         net (fo=1, unplaced)         0.000     2.910    u_sar_subconv/p_1_in[5]
                         FDCE                                         r  u_sar_subconv/accum_sum_reg[5]/D
  -------------------------------------------------------------------    -------------------

                         (clock clk rise edge)        0.000     0.000 r
                                                      0.000     0.000 r  clk (IN)
                         net (fo=0)                   0.000     0.000    clk
                         IBUF (Prop_ibuf_I_O)         0.972     0.972 r  clk_IBUF_inst/O
                         net (fo=1, unplaced)         0.800     1.771    clk_IBUF
                         BUFG (Prop_bufg_I_O)         0.101     1.872 r  clk_IBUF_BUFG_inst/O
                         net (fo=595, unplaced)       0.584     2.456    u_sar_subconv/CLK
                         FDCE                                         r  u_sar_subconv/accum_sum_reg[5]/C
                         clock pessimism              0.000     2.456
                         clock uncertainty            0.135     2.592
                         FDCE (Hold_fdce_C_D)         0.290     2.882    u_sar_subconv/accum_sum_reg[5]
  -------------------------------------------------------------------
                         required time                         -2.882
                         arrival time                           2.910
  -------------------------------------------------------------------
                         slack                                  0.028

Slack (MET) :             0.028ns  (arrival time - required time)
  Source:                 cmp_out
                            (input port clocked by clk  {rise@0.000ns fall@5.000ns period=10.000ns})
  Destination:            u_sar_subconv/accum_sum_reg[9]/D
                            (rising edge-triggered cell FDCE clocked by clk  {rise@0.000ns fall@5.000ns period=10.000ns})
  Path Group:             clk
  Path Type:              Hold (Min at Slow Process Corner)
  Requirement:            0.000ns  (clk rise@0.000ns - clk rise@0.000ns)
  Data Path Delay:        2.410ns  (logic 1.354ns (56.181%)  route 1.056ns (43.819%))
  Logic Levels:           4  (CARRY4=1 IBUF=1 LUT2=1 LUT6=1)
  Input Delay:            0.500ns
  Clock Path Skew:        2.456ns (DCD - SCD - CPR)
    Destination Clock Delay (DCD):    2.456ns
    Source Clock Delay      (SCD):    0.000ns
    Clock Pessimism Removal (CPR):    -0.000ns
  Clock Uncertainty:      0.135ns  ((TSJ^2 + TIJ^2)^1/2 + DJ) / 2 + PE + UU
    Total System Jitter     (TSJ):    0.071ns
    Total Input Jitter      (TIJ):    0.000ns
    Discrete Jitter          (DJ):    0.000ns
    Phase Error              (PE):    0.000ns
    User Uncertainty         (UU):    0.100ns

    Location             Delay type                Incr(ns)  Path(ns)    Netlist Resource(s)
  -------------------------------------------------------------------    -------------------
                         (clock clk rise edge)        0.000     0.000 r
                         input delay                  0.500     0.500
                                                      0.000     0.500 r  cmp_out (IN)
                         net (fo=0)                   0.000     0.500    cmp_out
                         IBUF (Prop_ibuf_I_O)         0.838     1.338 r  cmp_out_IBUF_inst/O
                         net (fo=53, unplaced)        0.760     2.098    u_sar_subconv/cmp_out_IBUF
                         LUT6 (Prop_lut6_I4_O)        0.100     2.198 r  u_sar_subconv/accum_sum0_carry__1_i_3/O
                         net (fo=1, unplaced)         0.000     2.198    u_sar_subconv/accum_sum0_carry__1_i_3_n_0
                         CARRY4 (Prop_carry4_S[1]_O[1])
                                                      0.176     2.374 r  u_sar_subconv/accum_sum0_carry__1/O[1]
                         net (fo=1, unplaced)         0.296     2.670    u_sar_subconv/accum_sum[9]
                         LUT2 (Prop_lut2_I1_O)        0.240     2.910 r  u_sar_subconv/accum_sum[9]_i_1/O
                         net (fo=1, unplaced)         0.000     2.910    u_sar_subconv/p_1_in[9]
                         FDCE                                         r  u_sar_subconv/accum_sum_reg[9]/D
  -------------------------------------------------------------------    -------------------

                         (clock clk rise edge)        0.000     0.000 r
                                                      0.000     0.000 r  clk (IN)
                         net (fo=0)                   0.000     0.000    clk
                         IBUF (Prop_ibuf_I_O)         0.972     0.972 r  clk_IBUF_inst/O
                         net (fo=1, unplaced)         0.800     1.771    clk_IBUF
                         BUFG (Prop_bufg_I_O)         0.101     1.872 r  clk_IBUF_BUFG_inst/O
                         net (fo=595, unplaced)       0.584     2.456    u_sar_subconv/CLK
                         FDCE                                         r  u_sar_subconv/accum_sum_reg[9]/C
                         clock pessimism              0.000     2.456
                         clock uncertainty            0.135     2.592
                         FDCE (Hold_fdce_C_D)         0.290     2.882    u_sar_subconv/accum_sum_reg[9]
  -------------------------------------------------------------------
                         required time                         -2.882
                         arrival time                           2.910
  -------------------------------------------------------------------
                         slack                                  0.028

Slack (MET) :             0.034ns  (arrival time - required time)
  Source:                 cmp_out
                            (input port clocked by clk  {rise@0.000ns fall@5.000ns period=10.000ns})
  Destination:            u_sar_subconv/accum_sum_reg[16]/D
                            (rising edge-triggered cell FDCE clocked by clk  {rise@0.000ns fall@5.000ns period=10.000ns})
  Path Group:             clk
  Path Type:              Hold (Min at Slow Process Corner)
  Requirement:            0.000ns  (clk rise@0.000ns - clk rise@0.000ns)
  Data Path Delay:        2.416ns  (logic 1.361ns (56.330%)  route 1.055ns (43.670%))
  Logic Levels:           4  (CARRY4=1 IBUF=1 LUT2=1 LUT5=1)
  Input Delay:            0.500ns
  Clock Path Skew:        2.456ns (DCD - SCD - CPR)
    Destination Clock Delay (DCD):    2.456ns
    Source Clock Delay      (SCD):    0.000ns
    Clock Pessimism Removal (CPR):    -0.000ns
  Clock Uncertainty:      0.135ns  ((TSJ^2 + TIJ^2)^1/2 + DJ) / 2 + PE + UU
    Total System Jitter     (TSJ):    0.071ns
    Total Input Jitter      (TIJ):    0.000ns
    Discrete Jitter          (DJ):    0.000ns
    Phase Error              (PE):    0.000ns
    User Uncertainty         (UU):    0.100ns

    Location             Delay type                Incr(ns)  Path(ns)    Netlist Resource(s)
  -------------------------------------------------------------------    -------------------
                         (clock clk rise edge)        0.000     0.000 r
                         input delay                  0.500     0.500
                                                      0.000     0.500 r  cmp_out (IN)
                         net (fo=0)                   0.000     0.500    cmp_out
                         IBUF (Prop_ibuf_I_O)         0.838     1.338 r  cmp_out_IBUF_inst/O
                         net (fo=53, unplaced)        0.760     2.098    u_sar_subconv/cmp_out_IBUF
                         LUT5 (Prop_lut5_I3_O)        0.100     2.198 r  u_sar_subconv/accum_sum0_carry__3_i_4/O
                         net (fo=1, unplaced)         0.000     2.198    u_sar_subconv/accum_sum0_carry__3_i_4_n_0
                         CARRY4 (Prop_carry4_S[0]_O[0])
                                                      0.192     2.390 r  u_sar_subconv/accum_sum0_carry__3/O[0]
                         net (fo=1, unplaced)         0.295     2.685    u_sar_subconv/accum_sum[16]
                         LUT2 (Prop_lut2_I1_O)        0.231     2.916 r  u_sar_subconv/accum_sum[16]_i_1/O
                         net (fo=1, unplaced)         0.000     2.916    u_sar_subconv/p_1_in[16]
                         FDCE                                         r  u_sar_subconv/accum_sum_reg[16]/D
  -------------------------------------------------------------------    -------------------

                         (clock clk rise edge)        0.000     0.000 r
                                                      0.000     0.000 r  clk (IN)
                         net (fo=0)                   0.000     0.000    clk
                         IBUF (Prop_ibuf_I_O)         0.972     0.972 r  clk_IBUF_inst/O
                         net (fo=1, unplaced)         0.800     1.771    clk_IBUF
                         BUFG (Prop_bufg_I_O)         0.101     1.872 r  clk_IBUF_BUFG_inst/O
                         net (fo=595, unplaced)       0.584     2.456    u_sar_subconv/CLK
                         FDCE                                         r  u_sar_subconv/accum_sum_reg[16]/C
                         clock pessimism              0.000     2.456
                         clock uncertainty            0.135     2.592
                         FDCE (Hold_fdce_C_D)         0.290     2.882    u_sar_subconv/accum_sum_reg[16]
  -------------------------------------------------------------------
                         required time                         -2.882
                         arrival time                           2.916
  -------------------------------------------------------------------
                         slack                                  0.034

Slack (MET) :             0.034ns  (arrival time - required time)
  Source:                 cmp_out
                            (input port clocked by clk  {rise@0.000ns fall@5.000ns period=10.000ns})
  Destination:            u_sar_subconv/accum_sum_reg[4]/D
                            (rising edge-triggered cell FDCE clocked by clk  {rise@0.000ns fall@5.000ns period=10.000ns})
  Path Group:             clk
  Path Type:              Hold (Min at Slow Process Corner)
  Requirement:            0.000ns  (clk rise@0.000ns - clk rise@0.000ns)
  Data Path Delay:        2.416ns  (logic 1.361ns (56.330%)  route 1.055ns (43.670%))
  Logic Levels:           4  (CARRY4=1 IBUF=1 LUT2=1 LUT5=1)
  Input Delay:            0.500ns
  Clock Path Skew:        2.456ns (DCD - SCD - CPR)
    Destination Clock Delay (DCD):    2.456ns
    Source Clock Delay      (SCD):    0.000ns
    Clock Pessimism Removal (CPR):    -0.000ns
  Clock Uncertainty:      0.135ns  ((TSJ^2 + TIJ^2)^1/2 + DJ) / 2 + PE + UU
    Total System Jitter     (TSJ):    0.071ns
    Total Input Jitter      (TIJ):    0.000ns
    Discrete Jitter          (DJ):    0.000ns
    Phase Error              (PE):    0.000ns
    User Uncertainty         (UU):    0.100ns

    Location             Delay type                Incr(ns)  Path(ns)    Netlist Resource(s)
  -------------------------------------------------------------------    -------------------
                         (clock clk rise edge)        0.000     0.000 r
                         input delay                  0.500     0.500
                                                      0.000     0.500 r  cmp_out (IN)
                         net (fo=0)                   0.000     0.500    cmp_out
                         IBUF (Prop_ibuf_I_O)         0.838     1.338 r  cmp_out_IBUF_inst/O
                         net (fo=53, unplaced)        0.760     2.098    u_sar_subconv/cmp_out_IBUF
                         LUT5 (Prop_lut5_I3_O)        0.100     2.198 r  u_sar_subconv/accum_sum0_carry__0_i_4/O
                         net (fo=1, unplaced)         0.000     2.198    u_sar_subconv/accum_sum0_carry__0_i_4_n_0
                         CARRY4 (Prop_carry4_S[0]_O[0])
                                                      0.192     2.390 r  u_sar_subconv/accum_sum0_carry__0/O[0]
                         net (fo=1, unplaced)         0.295     2.685    u_sar_subconv/accum_sum[4]
                         LUT2 (Prop_lut2_I1_O)        0.231     2.916 r  u_sar_subconv/accum_sum[4]_i_1/O
                         net (fo=1, unplaced)         0.000     2.916    u_sar_subconv/p_1_in[4]
                         FDCE                                         r  u_sar_subconv/accum_sum_reg[4]/D
  -------------------------------------------------------------------    -------------------

                         (clock clk rise edge)        0.000     0.000 r
                                                      0.000     0.000 r  clk (IN)
                         net (fo=0)                   0.000     0.000    clk
                         IBUF (Prop_ibuf_I_O)         0.972     0.972 r  clk_IBUF_inst/O
                         net (fo=1, unplaced)         0.800     1.771    clk_IBUF
                         BUFG (Prop_bufg_I_O)         0.101     1.872 r  clk_IBUF_BUFG_inst/O
                         net (fo=595, unplaced)       0.584     2.456    u_sar_subconv/CLK
                         FDCE                                         r  u_sar_subconv/accum_sum_reg[4]/C
                         clock pessimism              0.000     2.456
                         clock uncertainty            0.135     2.592
                         FDCE (Hold_fdce_C_D)         0.290     2.882    u_sar_subconv/accum_sum_reg[4]
  -------------------------------------------------------------------
                         required time                         -2.882
                         arrival time                           2.916
  -------------------------------------------------------------------
                         slack                                  0.034

Slack (MET) :             0.034ns  (arrival time - required time)
  Source:                 cmp_out
                            (input port clocked by clk  {rise@0.000ns fall@5.000ns period=10.000ns})
  Destination:            u_sar_subconv/accum_sum_reg[8]/D
                            (rising edge-triggered cell FDCE clocked by clk  {rise@0.000ns fall@5.000ns period=10.000ns})
  Path Group:             clk
  Path Type:              Hold (Min at Slow Process Corner)
  Requirement:            0.000ns  (clk rise@0.000ns - clk rise@0.000ns)
  Data Path Delay:        2.416ns  (logic 1.361ns (56.330%)  route 1.055ns (43.670%))
  Logic Levels:           4  (CARRY4=1 IBUF=1 LUT2=1 LUT6=1)
  Input Delay:            0.500ns
  Clock Path Skew:        2.456ns (DCD - SCD - CPR)
    Destination Clock Delay (DCD):    2.456ns
    Source Clock Delay      (SCD):    0.000ns
    Clock Pessimism Removal (CPR):    -0.000ns
  Clock Uncertainty:      0.135ns  ((TSJ^2 + TIJ^2)^1/2 + DJ) / 2 + PE + UU
    Total System Jitter     (TSJ):    0.071ns
    Total Input Jitter      (TIJ):    0.000ns
    Discrete Jitter          (DJ):    0.000ns
    Phase Error              (PE):    0.000ns
    User Uncertainty         (UU):    0.100ns

    Location             Delay type                Incr(ns)  Path(ns)    Netlist Resource(s)
  -------------------------------------------------------------------    -------------------
                         (clock clk rise edge)        0.000     0.000 r
                         input delay                  0.500     0.500
                                                      0.000     0.500 r  cmp_out (IN)
                         net (fo=0)                   0.000     0.500    cmp_out
                         IBUF (Prop_ibuf_I_O)         0.838     1.338 r  cmp_out_IBUF_inst/O
                         net (fo=53, unplaced)        0.760     2.098    u_sar_subconv/cmp_out_IBUF
                         LUT6 (Prop_lut6_I4_O)        0.100     2.198 r  u_sar_subconv/accum_sum0_carry__1_i_4/O
                         net (fo=1, unplaced)         0.000     2.198    u_sar_subconv/accum_sum0_carry__1_i_4_n_0
                         CARRY4 (Prop_carry4_S[0]_O[0])
                                                      0.192     2.390 r  u_sar_subconv/accum_sum0_carry__1/O[0]
                         net (fo=1, unplaced)         0.295     2.685    u_sar_subconv/accum_sum[8]
                         LUT2 (Prop_lut2_I1_O)        0.231     2.916 r  u_sar_subconv/accum_sum[8]_i_1/O
                         net (fo=1, unplaced)         0.000     2.916    u_sar_subconv/p_1_in[8]
                         FDCE                                         r  u_sar_subconv/accum_sum_reg[8]/D
  -------------------------------------------------------------------    -------------------

                         (clock clk rise edge)        0.000     0.000 r
                                                      0.000     0.000 r  clk (IN)
                         net (fo=0)                   0.000     0.000    clk
                         IBUF (Prop_ibuf_I_O)         0.972     0.972 r  clk_IBUF_inst/O
                         net (fo=1, unplaced)         0.800     1.771    clk_IBUF
                         BUFG (Prop_bufg_I_O)         0.101     1.872 r  clk_IBUF_BUFG_inst/O
                         net (fo=595, unplaced)       0.584     2.456    u_sar_subconv/CLK
                         FDCE                                         r  u_sar_subconv/accum_sum_reg[8]/C
                         clock pessimism              0.000     2.456
                         clock uncertainty            0.135     2.592
                         FDCE (Hold_fdce_C_D)         0.290     2.882    u_sar_subconv/accum_sum_reg[8]
  -------------------------------------------------------------------
                         required time                         -2.882
                         arrival time                           2.916
  -------------------------------------------------------------------
                         slack                                  0.034
